main.c:160:6:SecondTask	120	static
main.c:200:5:main	72	static
main.c:297:6:SystemClock_Config	216	static
main.c:376:13:MX_ADC3_Init	24	static
main.c:426:13:MX_CAN1_Init	48	static
main.c:495:6:HAL_CAN_RxFifo0MsgPendingCallback	48	static
main.c:564:13:MX_CRC_Init	8	static
main.c:595:13:MX_DCMI_Init	8	static
main.c:632:13:MX_DMA2D_Init	8	static
main.c:669:13:MX_LTDC_Init	64	static
main.c:731:13:MX_QUADSPI_Init	8	static
main.c:766:13:MX_RTC_Init	80	static
main.c:859:13:MX_SAI2_Init	8	static
main.c:934:13:MX_SDMMC1_SD_Init	4	static
main.c:962:13:MX_SPDIFRX_Init	8	static
main.c:998:13:MX_SPI2_Init	8	static
main.c:1038:13:MX_TIM1_Init	112	static
main.c:1118:13:MX_TIM2_Init	64	static
main.c:1177:13:MX_TIM3_Init	64	static
main.c:1236:13:MX_TIM5_Init	64	static
main.c:1295:13:MX_TIM8_Init	40	static
main.c:1342:13:MX_TIM12_Init	40	static
main.c:1384:13:MX_USART1_UART_Init	8	static
main.c:1419:13:MX_USART6_UART_Init	8	static
main.c:1450:13:MX_FMC_Init	40	static
main.c:1554:13:MX_GPIO_Init	72	static
main.c:1759:6:StartDefaultTask	16	static
main.c:1780:6:HAL_TIM_PeriodElapsedCallback	16	static
main.c:1797:6:Error_Handler	4	static
