main.c:169:6:SecondTask	152	static
main.c:219:5:main	72	static
main.c:316:6:SystemClock_Config	216	static
main.c:395:13:MX_ADC3_Init	24	static
main.c:445:13:MX_CAN1_Init	48	static
main.c:514:6:HAL_CAN_RxFifo0MsgPendingCallback	56	static
main.c:610:13:MX_CRC_Init	8	static
main.c:641:13:MX_DCMI_Init	8	static
main.c:678:13:MX_DMA2D_Init	8	static
main.c:715:13:MX_LTDC_Init	64	static
main.c:777:13:MX_QUADSPI_Init	8	static
main.c:812:13:MX_RTC_Init	80	static
main.c:905:13:MX_SAI2_Init	8	static
main.c:980:13:MX_SDMMC1_SD_Init	4	static
main.c:1008:13:MX_SPDIFRX_Init	8	static
main.c:1044:13:MX_SPI2_Init	8	static
main.c:1084:13:MX_TIM1_Init	112	static
main.c:1164:13:MX_TIM2_Init	64	static
main.c:1223:13:MX_TIM3_Init	64	static
main.c:1282:13:MX_TIM5_Init	64	static
main.c:1341:13:MX_TIM8_Init	40	static
main.c:1388:13:MX_TIM12_Init	40	static
main.c:1430:13:MX_USART1_UART_Init	8	static
main.c:1465:13:MX_USART6_UART_Init	8	static
main.c:1496:13:MX_FMC_Init	40	static
main.c:1600:13:MX_GPIO_Init	72	static
main.c:1805:6:StartDefaultTask	16	static
main.c:1826:6:HAL_TIM_PeriodElapsedCallback	16	static
main.c:1843:6:Error_Handler	4	static
