main.c:158:6:SecondTask	120	static
main.c:198:5:main	72	static
main.c:295:6:SystemClock_Config	216	static
main.c:374:13:MX_ADC3_Init	24	static
main.c:424:13:MX_CAN1_Init	48	static
main.c:490:13:MX_CRC_Init	8	static
main.c:521:13:MX_DCMI_Init	8	static
main.c:558:13:MX_DMA2D_Init	8	static
main.c:595:13:MX_LTDC_Init	64	static
main.c:657:13:MX_QUADSPI_Init	8	static
main.c:692:13:MX_RTC_Init	80	static
main.c:785:13:MX_SAI2_Init	8	static
main.c:860:13:MX_SDMMC1_SD_Init	4	static
main.c:888:13:MX_SPDIFRX_Init	8	static
main.c:924:13:MX_SPI2_Init	8	static
main.c:964:13:MX_TIM1_Init	112	static
main.c:1044:13:MX_TIM2_Init	64	static
main.c:1103:13:MX_TIM3_Init	64	static
main.c:1162:13:MX_TIM5_Init	64	static
main.c:1221:13:MX_TIM8_Init	40	static
main.c:1268:13:MX_TIM12_Init	40	static
main.c:1310:13:MX_USART1_UART_Init	8	static
main.c:1345:13:MX_USART6_UART_Init	8	static
main.c:1376:13:MX_FMC_Init	40	static
main.c:1480:13:MX_GPIO_Init	72	static
main.c:1685:6:StartDefaultTask	16	static
main.c:1706:6:HAL_TIM_PeriodElapsedCallback	16	static
main.c:1723:6:Error_Handler	4	static
