Presenter.hpp:42:18:virtual void touchgfx::Presenter::activate()	16	static
Presenter.hpp:54:18:virtual void touchgfx::Presenter::deactivate()	16	static
Presenter.hpp:65:13:touchgfx::Presenter::~Presenter()	16	static
Presenter.hpp:65:13:virtual touchgfx::Presenter::~Presenter()	16	static
Presenter.hpp:78:5:touchgfx::Presenter::Presenter()	16	static
ModelListener.hpp:18:5:ModelListener::ModelListener()	16	static
ModelListener.hpp:20:13:ModelListener::~ModelListener()	16	static
ModelListener.hpp:20:13:virtual ModelListener::~ModelListener()	16	static
ModelListener.hpp:31:18:virtual void ModelListener::setNewValue(uint8_t*)	16	static
ModelListener.hpp:32:18:virtual void ModelListener::updateDisplaySettings(uint8_t*)	16	static
SecondScreenPresenter.hpp:28:13:SecondScreenPresenter::~SecondScreenPresenter()	16	static
SecondScreenPresenter.hpp:28:13:virtual SecondScreenPresenter::~SecondScreenPresenter()	16	static
SecondScreenPresenter.cpp:4:1:SecondScreenPresenter::SecondScreenPresenter(SecondScreenView&)	16	static
SecondScreenPresenter.cpp:10:6:virtual void SecondScreenPresenter::activate()	16	static
SecondScreenPresenter.cpp:15:6:virtual void SecondScreenPresenter::deactivate()	16	static
